// Jest Snapshot v1, https://goo.gl/fbAQLP

exports[`NewsDetails component renders the news details correctly 1`] = `
<div>
  <div
    style="padding: 1px 4px 10px 4px;"
  >
    <div>
      <button
        class="MuiButtonBase-root MuiButton-root MuiButton-text MuiButton-textPrimary MuiButton-sizeMedium MuiButton-textSizeMedium css-1e6y48t-MuiButtonBase-root-MuiButton-root"
        tabindex="0"
        type="button"
      >
        <svg
          aria-hidden="true"
          class="MuiSvgIcon-root MuiSvgIcon-fontSizeMedium css-i4bv87-MuiSvgIcon-root"
          data-testid="ArrowBackIcon"
          focusable="false"
          viewBox="0 0 24 24"
        >
          <path
            d="M20 11H7.83l5.59-5.59L12 4l-8 8 8 8 1.41-1.41L7.83 13H20v-2z"
          />
        </svg>
        <p
          class="MuiTypography-root MuiTypography-body1 css-18a2bkc-MuiTypography-root"
        >
          Back to news list
        </p>
        <span
          class="MuiTouchRipple-root css-8je8zh-MuiTouchRipple-root"
        />
      </button>
    </div>
    <div
      style="display: flex;"
    >
      <div
        style="flex-grow: 1;"
      >
        <div>
          React markdown mock 
          {"components":{},"children":"## test news item"}
        </div>
      </div>
    </div>
    <div
      class="MuiGrid-root MuiGrid-container MuiGrid-spacing-xs-3 css-zow5z4-MuiGrid-root"
    >
      <div
        class="MuiGrid-root MuiGrid-item MuiGrid-grid-xs-12 MuiGrid-grid-lg-7 css-117e5y7-MuiGrid-root"
      >
        <div>
          React markdown mock 
          {"components":{},"children":"test summary"}
        </div>
      </div>
      <div
        class="MuiGrid-root MuiGrid-item MuiGrid-grid-xs-12 MuiGrid-grid-lg-5 css-14tayut-MuiGrid-root"
      >
        <picture>
          <img
            alt="News article image"
            src="image-base64-abc-123"
            style="width: 100%; padding-top: 20px;"
          />
        </picture>
      </div>
    </div>
    <div>
      React markdown mock 
      {"components":{},"children":"test article"}
    </div>
  </div>
</div>
`;
