// Jest Snapshot v1, https://goo.gl/fbAQLP

exports[`admin page renders correctly 1`] = `
<div>
  <div>
    <main>
      <div
        class="MuiContainer-root MuiContainer-maxWidthLg css-1oqqzyl-MuiContainer-root"
      >
        <div
          data-testid="auth=admin"
        >
          <div>
            <h4
              class="MuiTypography-root MuiTypography-h4 css-1c8tpg7-MuiTypography-root"
              style="flex-grow: 1;"
            >
              Administration
            </h4>
            <div>
              User role panel mock
            </div>
          </div>
        </div>
      </div>
    </main>
  </div>
</div>
`;
