// Jest Snapshot v1, https://goo.gl/fbAQLP

exports[`NewsBox component renders news items correctly 1`] = `
<div>
  <div
    class="MuiPaper-root MuiPaper-elevation MuiPaper-rounded MuiPaper-elevation1 css-mzn6ca-MuiPaper-root"
  >
    <div
      class="MuiBox-root css-1wpwwrt"
    >
      <div
        style="display: flex; align-items: center; justify-content: space-around;"
      >
        <svg
          aria-hidden="true"
          class="MuiSvgIcon-root MuiSvgIcon-fontSizeMedium css-1lzm48w-MuiSvgIcon-root"
          data-testid="NewspaperIcon"
          focusable="false"
          viewBox="0 0 24 24"
        >
          <path
            d="m22 3-1.67 1.67L18.67 3 17 4.67 15.33 3l-1.66 1.67L12 3l-1.67 1.67L8.67 3 7 4.67 5.33 3 3.67 4.67 2 3v16c0 1.1.9 2 2 2h16c1.1 0 2-.9 2-2V3zM11 19H4v-6h7v6zm9 0h-7v-2h7v2zm0-4h-7v-2h7v2zm0-4H4V8h16v3z"
          />
        </svg>
        <h4
          class="MuiTypography-root MuiTypography-h4 css-i0231a-MuiTypography-root"
        >
          News Feed
        </h4>
      </div>
      <div
        style="display: flex; justify-content: center; width: 20%;"
      >
        <button
          class="MuiButtonBase-root MuiButton-root MuiButton-contained MuiButton-containedSecondary MuiButton-sizeMedium MuiButton-containedSizeMedium css-zcbmsk-MuiButtonBase-root-MuiButton-root"
          style="width: 100%;"
          tabindex="0"
          type="button"
        >
          More news...
          <span
            class="MuiTouchRipple-root css-8je8zh-MuiTouchRipple-root"
          />
        </button>
      </div>
    </div>
    <div
      class="MuiBox-root css-1kss0x0"
    >
      <div>
        <div>
           News item mock 
          {"item":{"title":"top news 1"},"isEditor":false}
        </div>
        <hr
          class="MuiDivider-root MuiDivider-fullWidth css-1n1ghnn-MuiDivider-root"
          color="primary"
        />
      </div>
      <div>
        <div>
           News item mock 
          {"item":{"title":"top news 2"},"isEditor":false}
        </div>
        <hr
          class="MuiDivider-root MuiDivider-fullWidth css-1n1ghnn-MuiDivider-root"
          color="primary"
        />
      </div>
    </div>
  </div>
</div>
`;
